2026-09-05T18:46:13-04:00 trees=[lupin-wt-rachel-tier-seatscan,lupin-wt-tiberius-moveprobe] load1=5.65
2026-09-05T18:46:33-04:00 trees=[lupin-wt-cc-author-mr-radio-2,lupin-wt-rachel-tier-seatscan,lupin-wt-tiberius-moveprobe] load1=5.12
2026-09-05T18:46:53-04:00 trees=[lupin-wt-cc-author-mr-radio-2,lupin-wt-rachel-tier-seatscan,lupin-wt-tiberius-moveprobe] load1=5.66
2026-09-05T18:47:13-04:00 trees=[lupin-wt-cc-author-mr-radio-2,lupin-wt-rachel-tier-seatscan,lupin-wt-tiberius-moveprobe,test_without_the_guard_the_art0] load1=5.55
2026-09-05T18:47:33-04:00 trees=[lupin-wt-rachel-tier-seatscan,lupin-wt-tiberius-moveprobe] load1=5.33
2026-09-05T18:47:53-04:00 trees=[lupin-wt-rachel-tier-seatscan,lupin-wt-tiberius-moveprobe] load1=4.68
2026-09-05T18:48:13-04:00 trees=[lupin-wt-rachel-tier-seatscan,lupin-wt-tiberius-moveprobe] load1=4.56
2026-09-05T18:48:33-04:00 trees=[lupin-wt-rachel-tier-seatscan,lupin-wt-tiberius-moveprobe] load1=4.02
2026-09-05T18:48:53-04:00 trees=[lupin-wt-rachel-tier-seatscan,lupin-wt-tiberius-moveprobe] load1=4.24
2026-09-05T18:49:13-04:00 trees=[lupin-wt-rachel-tier-seatscan,lupin-wt-tiberius-moveprobe] load1=3.98
2026-09-05T18:49:33-04:00 trees=[lupin-wt-rachel-tier-seatscan,lupin-wt-tiberius-moveprobe] load1=3.92
2026-09-05T18:49:53-04:00 trees=[lupin-wt-rachel-tier-seatscan,lupin-wt-tiberius-moveprobe] load1=6.27
2026-09-05T18:50:13-04:00 trees=[lupin-wt-rachel-tier-seatscan,lupin-wt-tiberius-moveprobe] load1=6.37
2026-09-05T18:50:33-04:00 trees=[lupin-wt-rachel-tier-seatscan,lupin-wt-tiberius-moveprobe] load1=5.66
2026-09-05T18:50:53-04:00 trees=[lupin-wt-rachel-tier-seatscan,lupin-wt-tiberius-moveprobe] load1=6.28
2026-09-05T18:51:13-04:00 trees=[lupin-wt-rachel-tier-seatscan,lupin-wt-tiberius-moveprobe] load1=5.43
2026-09-05T18:51:33-04:00 trees=[lupin-wt-rachel-tier-seatscan,lupin-wt-tiberius-moveprobe] load1=5.45
2026-09-05T18:51:53-04:00 trees=[lupin-wt-rachel-tier-seatscan,lupin-wt-tiberius-moveprobe] load1=5.00
2026-09-05T18:52:13-04:00 trees=[lupin-wt-rachel-tier-seatscan,lupin-wt-tiberius-moveprobe] load1=4.66
2026-09-05T18:52:33-04:00 trees=[lupin-wt-rachel-tier-seatscan,lupin-wt-tiberius-moveprobe] load1=4.31
2026-09-05T18:52:53-04:00 trees=[lupin-wt-rachel-tier-seatscan,lupin-wt-tiberius-moveprobe] load1=4.06
2026-09-05T18:53:13-04:00 trees=[lupin-wt-tiberius-moveprobe] load1=4.38
2026-09-05T18:53:33-04:00 trees=[lupin-wt-tiberius-moveprobe] load1=3.98
2026-09-05T18:53:53-04:00 trees=[lupin-wt-tiberius-moveprobe] load1=4.17
2026-09-05T18:54:13-04:00 trees=[lupin-wt-tiberius-moveprobe] load1=4.11
2026-09-05T18:54:33-04:00 trees=[lupin-wt-tiberius-moveprobe] load1=3.80
2026-09-05T18:54:53-04:00 trees=[lupin-wt-cc-author-mr-radio-2,lupin-wt-tiberius-moveprobe] load1=3.69
2026-09-05T18:55:13-04:00 trees=[lupin-wt-tiberius-moveprobe] load1=3.41
2026-09-05T18:55:33-04:00 trees=[lupin-wt-tiberius-moveprobe] load1=3.12
2026-09-05T18:55:53-04:00 trees=[lupin-wt-cc-author-mr-radio-4,lupin-wt-tiberius-moveprobe] load1=3.62
2026-09-05T18:56:13-04:00 trees=[lupin-wt-cc-author-mr-radio-4,lupin-wt-tiberius-moveprobe] load1=3.90
2026-09-05T18:56:33-04:00 trees=[lupin-wt-cc-author-mr-radio-2,lupin-wt-cc-author-mr-radio-4,lupin-wt-tiberius-moveprobe] load1=4.11
2026-09-05T18:56:53-04:00 trees=[lupin-wt-cc-author-mr-radio-4,lupin-wt-tiberius-moveprobe] load1=5.36
2026-09-05T18:57:13-04:00 trees=[lupin-wt-cc-author-mr-radio-4,lupin-wt-tiberius-moveprobe] load1=5.26
2026-09-05T18:57:33-04:00 trees=[lupin-wt-cc-author-mr-radio-2,lupin-wt-cc-author-mr-radio-4,lupin-wt-tiberius-moveprobe] load1=4.78
2026-09-05T18:57:53-04:00 trees=[lupin-wt-cc-author-mr-radio-4,lupin-wt-tiberius-moveprobe] load1=4.99
2026-09-05T18:58:13-04:00 trees=[lupin-wt-cc-author-mr-radio-4,lupin-wt-tiberius-moveprobe] load1=4.54
2026-09-05T18:58:33-04:00 trees=[lupin-wt-cc-author-mr-radio-4,lupin-wt-tiberius-moveprobe] load1=4.19
2026-09-05T18:58:53-04:00 trees=[lupin-wt-cc-author-mr-radio-4,lupin-wt-tiberius-moveprobe] load1=3.61
2026-09-05T18:59:13-04:00 trees=[lupin-wt-cc-author-mr-radio-4,lupin-wt-tiberius-moveprobe] load1=4.17
2026-09-05T18:59:33-04:00 trees=[lupin-wt-cc-author-mr-radio-4,lupin-wt-tiberius-moveprobe] load1=4.09
2026-09-05T18:59:53-04:00 trees=[lupin-wt-cc-author-mr-radio-4,lupin-wt-tiberius-moveprobe] load1=4.24
2026-09-05T19:00:13-04:00 trees=[lupin-wt-cc-author-mr-radio-4,lupin-wt-tiberius-moveprobe] load1=4.47
2026-09-05T19:00:33-04:00 trees=[lupin-wt-cc-author-mr-radio-4,lupin-wt-tiberius-moveprobe] load1=4.40
2026-09-05T19:00:53-04:00 trees=[lupin-wt-cc-author-mr-radio-4,lupin-wt-tiberius-moveprobe] load1=3.88
2026-09-05T19:01:13-04:00 trees=[lupin-wt-cc-author-mr-radio-4,lupin-wt-tiberius-moveprobe] load1=3.96
2026-09-05T19:01:33-04:00 trees=[lupin-wt-cc-author-mr-radio-4,lupin-wt-tiberius-moveprobe] load1=3.54
2026-09-05T19:01:53-04:00 trees=[lupin-wt-cc-author-mr-radio-4,lupin-wt-tiberius-moveprobe] load1=3.91
2026-09-05T19:02:13-04:00 trees=[lupin-wt-cc-author-mr-radio-4,lupin-wt-tiberius-moveprobe] load1=3.73
2026-09-05T19:02:33-04:00 trees=[lupin-wt-cc-author-mr-radio-4,lupin-wt-tiberius-moveprobe,test_a_literal_passed_under_a_0] load1=3.99
2026-09-05T19:02:53-04:00 trees=[lupin-wt-cc-author-mr-radio-4,lupin-wt-tiberius-moveprobe] load1=4.07
2026-09-05T19:03:13-04:00 trees=[lupin-wt-cc-author-mr-radio-4,lupin-wt-tiberius-moveprobe] load1=4.08
2026-09-05T19:03:34-04:00 trees=[lupin-wt-cc-author-mr-radio-4,lupin-wt-tiberius-moveprobe] load1=4.07
2026-09-05T19:03:54-04:00 trees=[lupin-wt-cc-author-mr-radio-4,lupin-wt-tiberius-moveprobe] load1=4.12
2026-09-05T19:04:14-04:00 trees=[lupin-wt-cc-author-mr-radio-4,lupin-wt-tiberius-moveprobe] load1=3.60
2026-09-05T19:04:34-04:00 trees=[lupin-wt-cc-author-mr-radio-4,lupin-wt-tiberius-moveprobe] load1=3.14
2026-09-05T19:04:54-04:00 trees=[lupin-wt-cc-author-mr-radio-4,lupin-wt-tiberius-moveprobe] load1=3.35
2026-09-05T19:05:14-04:00 trees=[lupin-wt-cc-author-mr-radio-4,lupin-wt-tiberius-moveprobe] load1=3.41
2026-09-05T19:05:34-04:00 trees=[lupin-wt-cc-author-mr-radio-4,lupin-wt-tiberius-moveprobe] load1=3.44
2026-09-05T19:05:54-04:00 trees=[lupin-wt-cc-author-mr-radio-4,lupin-wt-tiberius-moveprobe] load1=5.75
2026-09-05T19:06:14-04:00 trees=[lupin-wt-cc-author-mr-radio-4,lupin-wt-tiberius-moveprobe] load1=5.38
2026-09-05T19:06:34-04:00 trees=[lupin-wt-cc-author-mr-radio-4,lupin-wt-tiberius-moveprobe] load1=4.93
2026-09-05T19:06:54-04:00 trees=[lupin-wt-cc-author-mr-radio-2,lupin-wt-cc-author-mr-radio-4,lupin-wt-tiberius-moveprobe] load1=4.36
2026-09-05T19:07:14-04:00 trees=[lupin-wt-cc-author-mr-radio-4,lupin-wt-tiberius-moveprobe] load1=3.99
2026-09-05T19:07:34-04:00 trees=[lupin-wt-cc-author-mr-radio-4,lupin-wt-tiberius-moveprobe] load1=3.85
2026-09-05T19:07:54-04:00 trees=[lupin-wt-cc-author-mr-radio-4,lupin-wt-tiberius-moveprobe] load1=3.85
2026-09-05T19:08:14-04:00 trees=[lupin-wt-cc-author-mr-radio-4,lupin-wt-tiberius-moveprobe] load1=3.69
2026-09-05T19:08:34-04:00 trees=[lupin-wt-cc-author-mr-radio-4,lupin-wt-tiberius-moveprobe] load1=3.54
2026-09-05T19:08:54-04:00 trees=[lupin-wt-cc-author-mr-radio-4,lupin-wt-tiberius-moveprobe] load1=3.55
2026-09-05T19:09:14-04:00 trees=[lupin-wt-cc-author-mr-radio-4,lupin-wt-tiberius-moveprobe] load1=3.36
2026-09-05T19:09:34-04:00 trees=[lupin-wt-cc-author-mr-radio-4,lupin-wt-tiberius-moveprobe] load1=3.30
2026-09-05T19:09:54-04:00 trees=[lupin-wt-cc-author-mr-radio-4,lupin-wt-tiberius-moveprobe] load1=3.68
2026-09-05T19:10:14-04:00 trees=[lupin-wt-cc-author-mr-radio-4,lupin-wt-tiberius-moveprobe] load1=3.76
2026-09-05T19:10:34-04:00 trees=[lupin-wt-cc-author-mr-radio-4,lupin-wt-tiberius-moveprobe] load1=4.19
2026-09-05T19:10:54-04:00 trees=[lupin-wt-cc-author-mr-radio-4,lupin-wt-tiberius-moveprobe] load1=4.19
2026-09-05T19:11:14-04:00 trees=[lupin-wt-cc-author-mr-radio-4,lupin-wt-tiberius-moveprobe,shape_b] load1=4.70
2026-09-05T19:11:34-04:00 trees=[lupin-wt-cc-author-mr-radio-4,lupin-wt-tiberius-moveprobe] load1=4.90
2026-09-05T19:11:54-04:00 trees=[lupin-wt-tiberius-moveprobe] load1=4.36
2026-09-05T19:12:14-04:00 trees=[lupin-wt-tiberius-moveprobe] load1=3.95
2026-09-05T19:12:34-04:00 trees=[lupin-wt-tiberius-moveprobe] load1=3.91
2026-09-05T19:12:54-04:00 trees=[lupin-wt-tiberius-moveprobe] load1=3.71
2026-09-05T19:13:14-04:00 trees=[lupin-wt-tiberius-moveprobe] load1=3.90
2026-09-05T19:13:34-04:00 trees=[lupin-wt-tiberius-moveprobe] load1=3.77
2026-09-05T19:13:54-04:00 trees=[lupin-wt-tiberius-moveprobe] load1=3.73
2026-09-05T19:14:14-04:00 trees=[lupin-wt-tiberius-moveprobe] load1=4.69
2026-09-05T19:14:34-04:00 trees=[lupin-wt-tiberius-moveprobe] load1=4.87
2026-09-05T19:14:54-04:00 trees=[lupin-wt-tiberius-moveprobe] load1=4.63
2026-09-05T19:15:14-04:00 trees=[lupin-wt-tiberius-moveprobe] load1=4.39
2026-09-05T19:15:34-04:00 trees=[lupin-wt-tiberius-moveprobe] load1=4.71
2026-09-05T19:15:54-04:00 trees=[lupin-wt-cc-author-mr-radio-4,lupin-wt-tiberius-moveprobe] load1=4.76
2026-09-05T19:16:14-04:00 trees=[lupin-wt-tiberius-moveprobe] load1=5.15
2026-09-05T19:16:34-04:00 trees=[lupin-wt-tiberius-moveprobe] load1=4.85
2026-09-05T19:16:54-04:00 trees=[lupin-wt-tiberius-moveprobe] load1=4.82
2026-09-05T19:17:14-04:00 trees=[lupin-wt-tiberius-moveprobe] load1=4.45
2026-09-05T19:17:34-04:00 trees=[lupin-wt-tiberius-moveprobe] load1=4.13
2026-09-05T19:17:54-04:00 trees=[none] load1=3.77
2026-09-05T19:18:14-04:00 trees=[lupin-wt-cc-author-maria-3,lupin-wt-tiberius-moveprobe] load1=4.41
2026-09-05T19:18:34-04:00 trees=[lupin-wt-tiberius-moveprobe] load1=4.22
2026-09-05T19:18:54-04:00 trees=[lupin-wt-tiberius-moveprobe] load1=4.13
2026-09-05T19:19:14-04:00 trees=[lupin-wt-tiberius-moveprobe] load1=4.58
2026-09-05T19:19:34-04:00 trees=[lupin-wt-tiberius-moveprobe] load1=4.51
2026-09-05T19:19:54-04:00 trees=[lupin-wt-tiberius-moveprobe] load1=4.38
2026-09-05T19:20:14-04:00 trees=[lupin-wt-tiberius-moveprobe] load1=4.20
2026-09-05T19:20:34-04:00 trees=[lupin-wt-tiberius-moveprobe] load1=4.01
2026-09-05T19:20:54-04:00 trees=[lupin-wt-tiberius-moveprobe] load1=3.71
2026-09-05T19:21:14-04:00 trees=[lupin-wt-tiberius-moveprobe] load1=4.81
2026-09-05T19:21:34-04:00 trees=[lupin-wt-tiberius-moveprobe] load1=4.29
2026-09-05T19:21:54-04:00 trees=[lupin-wt-rachel-tier-slotaudit,lupin-wt-tiberius-moveprobe] load1=4.30
2026-09-05T19:22:14-04:00 trees=[lupin-wt-rachel-tier-slotaudit,lupin-wt-tiberius-moveprobe] load1=3.83
2026-09-05T19:22:34-04:00 trees=[lupin-wt-rachel-tier-slotaudit,lupin-wt-tiberius-moveprobe] load1=3.74
2026-09-05T19:22:54-04:00 trees=[lupin-wt-rachel-tier-slotaudit,lupin-wt-tiberius-moveprobe] load1=3.91
2026-09-05T19:23:14-04:00 trees=[lupin-wt-rachel-tier-slotaudit,lupin-wt-tiberius-moveprobe] load1=4.00
2026-09-05T19:23:34-04:00 trees=[lupin-wt-rachel-tier-slotaudit,lupin-wt-tiberius-moveprobe] load1=4.03
2026-09-05T19:23:55-04:00 trees=[lupin-wt-rachel-tier-slotaudit,lupin-wt-tiberius-moveprobe] load1=3.74
2026-09-05T19:24:15-04:00 trees=[lupin-wt-rachel-tier-slotaudit,lupin-wt-tiberius-moveprobe] load1=4.09
2026-09-05T19:24:35-04:00 trees=[lupin-wt-rachel-tier-slotaudit,lupin-wt-tiberius-moveprobe] load1=4.45
2026-09-05T19:24:55-04:00 trees=[lupin-wt-rachel-tier-slotaudit,lupin-wt-tiberius-moveprobe] load1=4.08
2026-09-05T19:25:15-04:00 trees=[lupin-wt-rachel-tier-slotaudit,lupin-wt-tiberius-moveprobe] load1=4.42
2026-09-05T19:25:35-04:00 trees=[lupin-wt-rachel-tier-slotaudit,lupin-wt-tiberius-moveprobe] load1=4.86
2026-09-05T19:25:55-04:00 trees=[lupin-wt-rachel-tier-slotaudit,lupin-wt-tiberius-moveprobe] load1=4.72
2026-09-05T19:26:15-04:00 trees=[lupin-wt-rachel-tier-slotaudit,lupin-wt-tiberius-moveprobe] load1=4.65
2026-09-05T19:26:35-04:00 trees=[lupin-wt-rachel-tier-slotaudit,lupin-wt-tiberius-moveprobe] load1=4.46
2026-09-05T19:26:55-04:00 trees=[lupin-wt-rachel-tier-slotaudit,lupin-wt-tiberius-moveprobe] load1=4.46
2026-09-05T19:27:15-04:00 trees=[lupin-wt-rachel-tier-slotaudit,lupin-wt-tiberius-moveprobe] load1=4.56
2026-09-05T19:27:35-04:00 trees=[lupin-wt-rachel-tier-slotaudit,lupin-wt-tiberius-moveprobe] load1=4.21
2026-09-05T19:27:55-04:00 trees=[lupin-wt-rachel-tier-slotaudit,lupin-wt-tiberius-moveprobe] load1=4.29
2026-09-05T19:28:15-04:00 trees=[lupin-wt-rachel-tier-slotaudit,lupin-wt-tiberius-moveprobe] load1=4.34
2026-09-05T19:28:35-04:00 trees=[lupin-wt-rachel-tier-slotaudit,lupin-wt-tiberius-moveprobe] load1=4.22
2026-09-05T19:28:55-04:00 trees=[lupin-wt-cc-author-mr-radio-4,lupin-wt-rachel-tier-slotaudit,lupin-wt-tiberius-moveprobe] load1=4.19
2026-09-05T19:29:15-04:00 trees=[lupin-wt-cc-author-mr-radio-4,lupin-wt-rachel-tier-slotaudit,lupin-wt-tiberius-moveprobe] load1=4.52
2026-09-05T19:29:35-04:00 trees=[lupin-wt-cc-author-mr-radio-4,lupin-wt-rachel-tier-slotaudit,lupin-wt-tiberius-moveprobe] load1=4.55
2026-09-05T19:29:55-04:00 trees=[lupin-wt-cc-author-mr-radio-4,lupin-wt-rachel-tier-slotaudit,lupin-wt-tiberius-moveprobe] load1=4.84
2026-09-05T19:30:15-04:00 trees=[lupin-wt-cc-author-mr-radio-4,lupin-wt-rachel-tier-slotaudit,lupin-wt-tiberius-moveprobe] load1=4.88
2026-09-05T19:30:35-04:00 trees=[lupin-wt-cc-author-mr-radio-4,lupin-wt-rachel-tier-slotaudit,lupin-wt-tiberius-moveprobe] load1=4.69
2026-09-05T19:30:55-04:00 trees=[lupin-wt-cc-author-mr-radio-4,lupin-wt-rachel-tier-slotaudit,lupin-wt-tiberius-moveprobe] load1=4.42
2026-09-05T19:31:15-04:00 trees=[lupin-wt-cc-author-mr-radio-4,lupin-wt-rachel-tier-slotaudit,lupin-wt-tiberius-moveprobe] load1=4.65
2026-09-05T19:31:35-04:00 trees=[lupin-wt-cc-author-mr-radio-4,lupin-wt-rachel-tier-slotaudit,lupin-wt-tiberius-moveprobe] load1=4.12
2026-09-05T19:31:55-04:00 trees=[lupin-wt-cc-author-mr-radio-4,lupin-wt-rachel-tier-slotaudit,lupin-wt-tiberius-moveprobe] load1=4.43
2026-09-05T19:32:15-04:00 trees=[lupin-wt-cc-author-mr-radio-4,lupin-wt-rachel-tier-slotaudit,lupin-wt-tiberius-moveprobe] load1=4.75
2026-09-05T19:32:35-04:00 trees=[lupin-wt-cc-author-mr-radio-4,lupin-wt-rachel-tier-slotaudit,lupin-wt-tiberius-moveprobe] load1=4.62
2026-09-05T19:32:55-04:00 trees=[lupin-wt-cc-author-mr-radio-4,lupin-wt-rachel-tier-slotaudit,lupin-wt-tiberius-moveprobe] load1=4.43
2026-09-05T19:33:15-04:00 trees=[lupin-wt-cc-author-mr-radio-4,lupin-wt-rachel-tier-slotaudit,lupin-wt-tiberius-moveprobe] load1=4.09
2026-09-05T19:33:35-04:00 trees=[lupin-wt-cc-author-mr-radio-4,lupin-wt-rachel-tier-slotaudit,lupin-wt-tiberius-moveprobe] load1=3.90
2026-09-05T19:33:55-04:00 trees=[lupin-wt-cc-author-mr-radio-4,lupin-wt-rachel-tier-slotaudit,lupin-wt-tiberius-moveprobe] load1=4.14
2026-09-05T19:34:15-04:00 trees=[lupin-wt-cc-author-mr-radio-4,lupin-wt-rachel-tier-slotaudit,lupin-wt-tiberius-moveprobe] load1=5.21
2026-09-05T19:34:35-04:00 trees=[lupin-wt-cc-author-mr-radio-4,lupin-wt-rachel-tier-slotaudit,lupin-wt-tiberius-moveprobe] load1=5.49
2026-09-05T19:34:55-04:00 trees=[lupin-wt-cc-author-mr-radio-4,lupin-wt-rachel-tier-slotaudit,lupin-wt-tiberius-moveprobe,red] load1=5.93
2026-09-05T19:35:15-04:00 trees=[lupin-wt-cc-author-mr-radio-4,lupin-wt-tiberius-moveprobe] load1=5.70
2026-09-05T19:35:35-04:00 trees=[lupin-wt-cc-author-mr-radio-4,lupin-wt-tiberius-moveprobe] load1=5.49
2026-09-05T19:35:55-04:00 trees=[lupin-wt-cc-author-mr-radio-4,lupin-wt-tiberius-moveprobe] load1=5.23
2026-09-05T19:36:15-04:00 trees=[lupin-wt-cc-author-mr-radio-4,lupin-wt-tiberius-moveprobe] load1=5.37
2026-09-05T19:36:35-04:00 trees=[lupin-wt-cc-author-mr-radio-4,lupin-wt-tiberius-moveprobe] load1=5.79
2026-09-05T19:36:55-04:00 trees=[lupin-wt-cc-author-mr-radio-4,lupin-wt-tiberius-moveprobe,shape_b] load1=5.77
2026-09-05T19:37:15-04:00 trees=[lupin-wt-cc-author-mr-radio-4,lupin-wt-tiberius-moveprobe] load1=5.59
2026-09-05T19:37:35-04:00 trees=[lupin-wt-cc-author-mr-radio-4,lupin-wt-tiberius-moveprobe] load1=5.12
2026-09-05T19:37:55-04:00 trees=[lupin-wt-cc-author-mr-radio-4,lupin-wt-tiberius-moveprobe] load1=4.88
2026-09-05T19:38:15-04:00 trees=[lupin-wt-cc-author-mr-radio-4,lupin-wt-tiberius-moveprobe] load1=4.54
2026-09-05T19:38:35-04:00 trees=[lupin-wt-cc-author-mr-radio-4,lupin-wt-tiberius-moveprobe] load1=5.01
2026-09-05T19:38:55-04:00 trees=[lupin-wt-cc-author-mr-radio-4,lupin-wt-tiberius-moveprobe] load1=4.99
2026-09-05T19:39:15-04:00 trees=[lupin-wt-cc-author-mr-radio-4,lupin-wt-tiberius-moveprobe] load1=4.73
2026-09-05T19:39:35-04:00 trees=[lupin-wt-cc-author-mr-radio-4,lupin-wt-tiberius-moveprobe] load1=4.47
2026-09-05T19:39:55-04:00 trees=[lupin-wt-cc-author-mr-radio-4,lupin-wt-tiberius-moveprobe] load1=3.91
2026-09-05T19:40:15-04:00 trees=[lupin-wt-cc-author-mr-radio-4,lupin-wt-tiberius-moveprobe] load1=3.29
2026-09-05T19:40:35-04:00 trees=[lupin-wt-cc-author-mr-radio-4,lupin-wt-tiberius-moveprobe] load1=2.79
2026-09-05T19:40:55-04:00 trees=[lupin-wt-cc-author-mr-radio-4,lupin-wt-tiberius-moveprobe] load1=2.63
2026-09-05T19:41:15-04:00 trees=[lupin-wt-cc-author-mr-radio-4,lupin-wt-tiberius-moveprobe] load1=2.64
2026-09-05T19:41:35-04:00 trees=[lupin-wt-cc-author-mr-radio-4,lupin-wt-tiberius-moveprobe] load1=2.32
2026-09-05T19:41:55-04:00 trees=[lupin-wt-cc-author-mr-radio-4,lupin-wt-tiberius-moveprobe] load1=2.23
2026-09-05T19:42:16-04:00 trees=[lupin-wt-cc-author-mr-radio-4,lupin-wt-tiberius-moveprobe] load1=1.95
2026-09-05T19:42:36-04:00 trees=[lupin-wt-cc-author-mr-radio-4,lupin-wt-tiberius-moveprobe] load1=2.05
2026-09-05T19:42:56-04:00 trees=[lupin-wt-cc-author-mr-radio-4,lupin-wt-tiberius-moveprobe] load1=2.63
2026-09-05T19:43:16-04:00 trees=[lupin-wt-cc-author-mr-radio-4,lupin-wt-tiberius-moveprobe] load1=3.67
2026-09-05T19:43:36-04:00 trees=[lupin-wt-cc-author-mr-radio-4,lupin-wt-tiberius-moveprobe] load1=3.60
2026-09-05T19:43:56-04:00 trees=[lupin-wt-cc-author-mr-radio-4,lupin-wt-tiberius-moveprobe] load1=3.50
2026-09-05T19:44:16-04:00 trees=[lupin-wt-cc-author-mr-radio-4,lupin-wt-tiberius-moveprobe] load1=3.31
2026-09-05T19:44:36-04:00 trees=[lupin-wt-cc-author-mr-radio-4,lupin-wt-tiberius-moveprobe] load1=3.56
2026-09-05T19:44:56-04:00 trees=[lupin-wt-cc-author-mr-radio-4,lupin-wt-tiberius-moveprobe] load1=3.69
2026-09-05T19:45:16-04:00 trees=[lupin-wt-cc-author-mr-radio-2,lupin-wt-cc-author-mr-radio-4,lupin-wt-tiberius-moveprobe] load1=3.36
2026-09-05T19:45:36-04:00 trees=[lupin-wt-cc-author-mr-radio-2,lupin-wt-tiberius-moveprobe] load1=2.95
2026-09-05T19:45:56-04:00 trees=[lupin-wt-tiberius-moveprobe] load1=2.82
2026-09-05T19:46:16-04:00 trees=[lupin-wt-tiberius-moveprobe] load1=2.58
2026-09-05T19:46:36-04:00 trees=[lupin-wt-cc-author-mr-radio-2,lupin-wt-tiberius-moveprobe] load1=3.07
2026-09-05T19:46:56-04:00 trees=[lupin-wt-cc-author-mr-radio-2,lupin-wt-tiberius-moveprobe] load1=3.05
2026-09-05T19:47:16-04:00 trees=[lupin-wt-cc-author-mr-radio-2,lupin-wt-tiberius-moveprobe] load1=3.62
2026-09-05T19:47:36-04:00 trees=[lupin-wt-cc-author-mr-radio-2,lupin-wt-tiberius-moveprobe] load1=3.37
2026-09-05T19:47:56-04:00 trees=[lupin-wt-cc-author-mr-radio-2,wt-base] load1=4.38
2026-09-05T19:48:16-04:00 trees=[lupin-wt-cc-author-mr-radio-2,lupin-wt-tiberius-moveprobe,wt-base] load1=4.51
2026-09-05T19:48:36-04:00 trees=[lupin-wt-cc-author-mr-radio-2,lupin-wt-tiberius-moveprobe] load1=4.46
2026-09-05T19:48:56-04:00 trees=[lupin-wt-cc-author-mr-radio-2,lupin-wt-tiberius-moveprobe,wt-base] load1=4.60
2026-09-05T19:49:16-04:00 trees=[lupin-wt-cc-author-mr-radio-2,lupin-wt-tiberius-moveprobe] load1=4.76
2026-09-05T19:49:36-04:00 trees=[lupin-wt-cc-author-mr-radio-2,lupin-wt-tiberius-moveprobe] load1=4.24
2026-09-05T19:49:56-04:00 trees=[lupin-wt-cc-author-mr-radio-2,lupin-wt-tiberius-moveprobe] load1=4.34
2026-09-05T19:50:16-04:00 trees=[lupin-wt-cc-author-mr-radio-2,lupin-wt-tiberius-moveprobe] load1=3.78
2026-09-05T19:50:36-04:00 trees=[lupin-wt-cc-author-mr-radio-2,lupin-wt-tiberius-moveprobe,scripts] load1=3.91
2026-09-05T19:50:56-04:00 trees=[lupin-wt-cc-author-mr-radio-2,lupin-wt-tiberius-moveprobe,scripts] load1=4.07
2026-09-05T19:51:16-04:00 trees=[lupin-wt-cc-author-mr-radio-2,lupin-wt-tiberius-moveprobe,scripts] load1=3.79
2026-09-05T19:51:36-04:00 trees=[lupin-wt-cc-author-mr-radio-2,lupin-wt-tiberius-moveprobe,scripts] load1=3.79
2026-09-05T19:51:56-04:00 trees=[lupin-wt-cc-author-mr-radio-2,lupin-wt-tiberius-moveprobe,scripts] load1=4.22
2026-09-05T19:52:16-04:00 trees=[lupin-wt-cc-author-mr-radio-2,lupin-wt-tiberius-moveprobe,wt-base2] load1=4.26
2026-09-05T19:52:36-04:00 trees=[lupin-wt-cc-author-mr-radio-2,lupin-wt-tiberius-moveprobe] load1=4.35
2026-09-05T19:52:56-04:00 trees=[lupin-wt-cc-author-mr-radio-2,lupin-wt-tiberius-moveprobe] load1=3.99
2026-09-05T19:53:16-04:00 trees=[lupin-wt-cc-author-mr-radio-2,lupin-wt-tiberius-moveprobe] load1=3.92
2026-09-05T19:53:36-04:00 trees=[lupin-wt-cc-author-mr-radio-2,lupin-wt-tiberius-moveprobe] load1=3.72
2026-09-05T19:53:56-04:00 trees=[lupin-wt-cc-author-mr-radio-2,lupin-wt-tiberius-moveprobe] load1=3.58
2026-09-05T19:54:16-04:00 trees=[lupin-wt-cc-author-mr-radio-2,lupin-wt-tiberius-moveprobe,red] load1=3.64
2026-09-05T19:54:36-04:00 trees=[lupin-wt-cc-author-mr-radio-2,lupin-wt-tiberius-moveprobe] load1=3.76
2026-09-05T19:54:56-04:00 trees=[lupin-wt-cc-author-mr-radio-2,lupin-wt-tiberius-moveprobe] load1=3.74
2026-09-05T19:55:16-04:00 trees=[lupin-wt-cc-author-mr-radio-2,lupin-wt-tiberius-moveprobe] load1=3.45
2026-09-05T19:55:36-04:00 trees=[lupin-wt-cc-author-mr-radio-2,lupin-wt-tiberius-moveprobe] load1=3.54
2026-09-05T19:55:56-04:00 trees=[lupin-wt-cc-author-mr-radio-2,lupin-wt-tiberius-moveprobe,wt-cre] load1=3.46
2026-09-05T19:56:16-04:00 trees=[lupin-wt-cc-author-mr-radio-2,lupin-wt-tiberius-moveprobe] load1=3.21
2026-09-05T19:56:36-04:00 trees=[lupin-wt-cc-author-mr-radio-2,lupin-wt-tiberius-moveprobe] load1=3.60
2026-09-05T19:56:56-04:00 trees=[lupin-wt-cc-author-mr-radio-2,lupin-wt-tiberius-moveprobe] load1=3.73
2026-09-05T19:57:16-04:00 trees=[lupin-wt-cc-author-mr-radio-2,lupin-wt-tiberius-moveprobe] load1=3.62
2026-09-05T19:57:36-04:00 trees=[lupin-wt-cc-author-mr-radio-2,lupin-wt-tiberius-moveprobe] load1=3.24
2026-09-05T19:57:56-04:00 trees=[lupin-wt-cc-author-mr-radio-2,lupin-wt-tiberius-moveprobe] load1=3.22
2026-09-05T19:58:16-04:00 trees=[lupin-wt-cc-author-mr-radio-2,lupin-wt-tiberius-moveprobe] load1=3.75
2026-09-05T19:58:36-04:00 trees=[lupin-wt-cc-author-mr-radio-2,lupin-wt-tiberius-moveprobe] load1=6.38
2026-09-05T19:58:56-04:00 trees=[lupin-wt-cc-author-mr-radio-2,lupin-wt-tiberius-moveprobe] load1=5.92
2026-09-05T19:59:16-04:00 trees=[lupin-wt-cc-author-mr-radio-2,lupin-wt-tiberius-moveprobe] load1=4.98
2026-09-05T19:59:36-04:00 trees=[lupin-wt-cc-author-mr-radio-2,lupin-wt-tiberius-moveprobe] load1=4.36
2026-09-05T19:59:56-04:00 trees=[lupin-wt-tiberius-moveprobe] load1=3.88
2026-09-05T20:00:16-04:00 trees=[lupin-wt-tiberius-moveprobe] load1=3.85
2026-09-05T20:00:36-04:00 trees=[lupin-wt-tiberius-moveprobe] load1=3.45
2026-09-05T20:00:57-04:00 trees=[lupin-wt-tiberius-moveprobe] load1=3.34
2026-09-05T20:01:17-04:00 trees=[none] load1=3.15
