src/tests/unit/test_v2_ask.py::test_health_still_answers_while_an_ask_is_in_flight
  /mnt/DATA01/include/www.deepily.ai/projects/lupin-wt-tiberius-moveprobe/.venv/lib/python3.13/site-packages/uvicorn/protocols/websockets/websockets_impl.py:17: DeprecationWarning: websockets.server.WebSocketServerProtocol is deprecated
    from websockets.server import WebSocketServerProtocol

-- Docs: https://docs.pytest.org/en/stable/how-to/capture-warnings.html
[tree-state] sha=8bfb1eac root=/mnt/DATA01/include/www.deepily.ai/projects/lupin-wt-tiberius-moveprobe branch=detached behind=145 ahead=20 vs wip-v0.2.1-2026.08.29-cjflow-v2-followup fetched=1h-ago tracked-dirty=0 deleted=0 dirty-paths=none run-span=unmoved
[test-env] network=block imports=same-tree coverage-file=UNSET
[unit-network:block] outbound connections: 0
=========================== short test summary info ============================
FAILED src/tests/unit/test_secret_scan.py::test_a_detector_change_forces_a_full_rescan
FAILED src/tests/unit/test_secret_scan.py::test_the_recorded_counts_are_derived_from_the_same_scan
FAILED src/tests/unit/test_terraform_invariants.py::test_terraform_provider_cache_is_present
3 failed, 22332 passed, 51 skipped, 11 deselected, 10 xfailed, 89 warnings in 1017.56s (0:16:57)
[2m2026-09-05T23:47:51.080889Z[0m [[33m[1mwarning  [0m] [1mException ignored in: <function BaseEventLoop.__del__ at 0x7f67c48cb6a0>

Traceback (most recent call last):
  File "/home/rruiz/.local/share/uv/python/cpython-3.13.7-linux-x86_64-gnu/lib/python3.13/asyncio/base_events.py", line 766, in __del__
    self.close()
    ~~~~~~~~~~^^
  File "/home/rruiz/.local/share/uv/python/cpython-3.13.7-linux-x86_64-gnu/lib/python3.13/asyncio/unix_events.py", line 70, in close
    super().close()
    ~~~~~~~~~~~~~^^
  File "/home/rruiz/.local/share/uv/python/cpython-3.13.7-linux-x86_64-gnu/lib/python3.13/asyncio/selector_events.py", line 104, in close
    self._close_self_pipe()
    ~~~~~~~~~~~~~~~~~~~~~^^
  File "/home/rruiz/.local/share/uv/python/cpython-3.13.7-linux-x86_64-gnu/lib/python3.13/asyncio/selector_events.py", line 111, in _close_self_pipe
    self._remove_reader(self._ssock.fileno())
    ~~~~~~~~~~~~~~~~~~~^^^^^^^^^^^^^^^^^^^^^^
  File "/home/rruiz/.local/share/uv/python/cpython-3.13.7-linux-x86_64-gnu/lib/python3.13/asyncio/selector_events.py", line 292, in _remove_reader
    key = self._selector.get_map().get(fd)
  File "/home/rruiz/.local/share/uv/python/cpython-3.13.7-linux-x86_64-gnu/lib/python3.13/selectors.py", line 70, in get
    fd = self._selector._fileobj_lookup(fileobj)
  File "/home/rruiz/.local/share/uv/python/cpython-3.13.7-linux-x86_64-gnu/lib/python3.13/selectors.py", line 229, in _fileobj_lookup
    return _fileobj_to_fd(fileobj)
  File "/home/rruiz/.local/share/uv/python/cpython-3.13.7-linux-x86_64-gnu/lib/python3.13/selectors.py", line 42, in _fileobj_to_fd
    raise ValueError("Invalid file descriptor: {}".format(fd))
ValueError: Invalid file descriptor: -1

Enable tracemalloc to get traceback where the object was allocated.
See https://docs.pytest.org/en/stable/how-to/capture-warnings.html#resource-warnings for more info.[0m [[0m[1m[34mpy.warnings[0m][0m [36mcategory[0m=[35mPytestUnraisableExceptionWarning[0m [36mfilename[0m=[35m/mnt/DATA01/include/www.deepily.ai/projects/lupin-wt-tiberius-moveprobe/.venv/lib/python3.13/site-packages/_pytest/unraisableexception.py[0m [36mlineno[0m=[35m67[0m
